
> superhero@0.1.0 eslint
> eslint --fix . --ext .js,.jsx


/Users/luisarias/Documents/React/superhero/components/card.js
   95:38  error  'superhero' is missing in props validation                          react/prop-types
   98:19  error  'setMyTeam' is assigned a value but never used                      no-unused-vars
  102:33  error  'superhero.id' is missing in props validation                       react/prop-types
  104:47  error  'superhero.id' is missing in props validation                       react/prop-types
  130:24  error  'superhero.images' is missing in props validation                   react/prop-types
  130:31  error  'superhero.images.md' is missing in props validation                react/prop-types
  133:24  error  'superhero.name' is missing in props validation                     react/prop-types
  138:38  error  'superhero.slug' is missing in props validation                     react/prop-types
  142:51  error  'superhero.name' is missing in props validation                     react/prop-types
  145:20  error  'superhero.powerstats' is missing in props validation               react/prop-types
  148:41  error  'superhero.powerstats' is missing in props validation               react/prop-types
  148:52  error  'superhero.powerstats.intelligence' is missing in props validation  react/prop-types
  151:37  error  'superhero.powerstats' is missing in props validation               react/prop-types
  151:48  error  'superhero.powerstats.strength' is missing in props validation      react/prop-types
  154:34  error  'superhero.powerstats' is missing in props validation               react/prop-types
  154:45  error  'superhero.powerstats.speed' is missing in props validation         react/prop-types
  157:39  error  'superhero.powerstats' is missing in props validation               react/prop-types
  157:50  error  'superhero.powerstats.durability' is missing in props validation    react/prop-types
  160:34  error  'superhero.powerstats' is missing in props validation               react/prop-types
  160:45  error  'superhero.powerstats.power' is missing in props validation         react/prop-types
  163:35  error  'superhero.powerstats' is missing in props validation               react/prop-types
  163:46  error  'superhero.powerstats.combat' is missing in props validation        react/prop-types

/Users/luisarias/Documents/React/superhero/components/filter.js
  65:25  error  'openFilter' is missing in props validation  react/prop-types

/Users/luisarias/Documents/React/superhero/components/layout.js
  3:34  error  'children' is missing in props validation  react/prop-types

/Users/luisarias/Documents/React/superhero/components/link.js
  6:5   error  'href' is missing in props validation      react/prop-types
  6:11  error  'prefetch' is missing in props validation  react/prop-types
  6:21  error  'replace' is missing in props validation   react/prop-types
  6:30  error  'scroll' is missing in props validation    react/prop-types
  6:38  error  'shallow' is missing in props validation   react/prop-types
  6:47  error  'locale' is missing in props validation    react/prop-types

/Users/luisarias/Documents/React/superhero/components/modal.js
  12:11  error  'handleModal' is missing in props validation          react/prop-types
  53:18  error  'modalText' is missing in props validation            react/prop-types
  53:28  error  'modalText.title' is missing in props validation      react/prop-types
  56:18  error  'modalText' is missing in props validation            react/prop-types
  56:28  error  'modalText.paragraph' is missing in props validation  react/prop-types

/Users/luisarias/Documents/React/superhero/components/switch.js
   58:25  error  'label' is missing in props validation                                      react/prop-types
   58:32  error  'labelPlacement' is missing in props validation                             react/prop-types
   58:48  error  'color' is missing in props validation                                      react/prop-types
   58:55  error  'superhero' is missing in props validation                                  react/prop-types
   66:33  error  'superhero.id' is missing in props validation                               react/prop-types
   83:53  error  'superhero.biography' is missing in props validation                        react/prop-types
   83:63  error  'superhero.biography.alignment' is missing in props validation              react/prop-types
   88:51  error  'superhero.biography' is missing in props validation                        react/prop-types
   88:61  error  'superhero.biography.alignment' is missing in props validation              react/prop-types
   88:71  error  'superhero.biography.alignment.toLowerCase' is missing in props validation  react/prop-types
  103:71  error  'superhero.name' is missing in props validation                             react/prop-types

/Users/luisarias/Documents/React/superhero/pages/_app.js
   7:32  error  'React' is not defined                      no-undef
  16:18  error  'Component' is missing in props validation  react/prop-types
  16:29  error  'pageProps' is missing in props validation  react/prop-types

/Users/luisarias/Documents/React/superhero/pages/details/[id].js
   41:38  error  'superhero' is missing in props validation                            react/prop-types
   57:22  error  'superhero.images' is missing in props validation                     react/prop-types
   72:32  error  'superhero.images' is missing in props validation                     react/prop-types
   72:39  error  'superhero.images.lg' is missing in props validation                  react/prop-types
   76:32  error  'superhero.name' is missing in props validation                       react/prop-types
   85:30  error  'superhero.name' is missing in props validation                       react/prop-types
   94:28  error  'superhero.powerstats' is missing in props validation                 react/prop-types
  110:40  error  'superhero.powerstats' is missing in props validation                 react/prop-types
  110:51  error  'superhero.powerstats.intelligence' is missing in props validation    react/prop-types
  122:40  error  'superhero.powerstats' is missing in props validation                 react/prop-types
  122:51  error  'superhero.powerstats.strength' is missing in props validation        react/prop-types
  134:40  error  'superhero.powerstats' is missing in props validation                 react/prop-types
  134:51  error  'superhero.powerstats.speed' is missing in props validation           react/prop-types
  148:40  error  'superhero.powerstats' is missing in props validation                 react/prop-types
  148:51  error  'superhero.powerstats.durability' is missing in props validation      react/prop-types
  160:40  error  'superhero.powerstats' is missing in props validation                 react/prop-types
  160:51  error  'superhero.powerstats.power' is missing in props validation           react/prop-types
  172:40  error  'superhero.powerstats' is missing in props validation                 react/prop-types
  172:51  error  'superhero.powerstats.combat' is missing in props validation          react/prop-types
  179:28  error  'superhero.appearance' is missing in props validation                 react/prop-types
  195:40  error  'superhero.appearance' is missing in props validation                 react/prop-types
  195:51  error  'superhero.appearance.gender' is missing in props validation          react/prop-types
  207:40  error  'superhero.appearance' is missing in props validation                 react/prop-types
  207:51  error  'superhero.appearance.race' is missing in props validation            react/prop-types
  219:40  error  'superhero.appearance' is missing in props validation                 react/prop-types
  219:51  error  'superhero.appearance.height' is missing in props validation          react/prop-types
  219:58  error  'superhero.appearance.height.length' is missing in props validation   react/prop-types
  220:46  error  'superhero.appearance' is missing in props validation                 react/prop-types
  220:57  error  'superhero.appearance.height' is missing in props validation          react/prop-types
  220:67  error  'superhero.appearance.height[].value' is missing in props validation  react/prop-types
  221:41  error  'superhero.appearance' is missing in props validation                 react/prop-types
  221:52  error  'superhero.appearance.height' is missing in props validation          react/prop-types
  221:62  error  'superhero.appearance.height[].value' is missing in props validation  react/prop-types
  222:46  error  'superhero.appearance' is missing in props validation                 react/prop-types
  222:57  error  'superhero.appearance.height' is missing in props validation          react/prop-types
  222:67  error  'superhero.appearance.height[].value' is missing in props validation  react/prop-types
  236:40  error  'superhero.appearance' is missing in props validation                 react/prop-types
  236:51  error  'superhero.appearance.weight' is missing in props validation          react/prop-types
  236:58  error  'superhero.appearance.weight.length' is missing in props validation   react/prop-types
  237:46  error  'superhero.appearance' is missing in props validation                 react/prop-types
  237:57  error  'superhero.appearance.weight' is missing in props validation          react/prop-types
  237:67  error  'superhero.appearance.weight[].value' is missing in props validation  react/prop-types
  238:41  error  'superhero.appearance' is missing in props validation                 react/prop-types
  238:52  error  'superhero.appearance.weight' is missing in props validation          react/prop-types
  238:62  error  'superhero.appearance.weight[].value' is missing in props validation  react/prop-types
  239:46  error  'superhero.appearance' is missing in props validation                 react/prop-types
  239:57  error  'superhero.appearance.weight' is missing in props validation          react/prop-types
  239:67  error  'superhero.appearance.weight[].value' is missing in props validation  react/prop-types
  251:40  error  'superhero.appearance' is missing in props validation                 react/prop-types
  251:51  error  'superhero.appearance.eyeColor' is missing in props validation        react/prop-types
  263:40  error  'superhero.appearance' is missing in props validation                 react/prop-types
  263:51  error  'superhero.appearance.hairColor' is missing in props validation       react/prop-types
  271:26  error  'superhero.biography' is missing in props validation                  react/prop-types
  285:34  error  'superhero.biography' is missing in props validation                  react/prop-types
  285:44  error  'superhero.biography.fullName' is missing in props validation         react/prop-types
  285:66  error  'superhero.name' is missing in props validation                       react/prop-types
  297:34  error  'superhero.biography' is missing in props validation                  react/prop-types
  297:44  error  'superhero.biography.alterEgos' is missing in props validation        react/prop-types
  309:34  error  'superhero.biography' is missing in props validation                  react/prop-types
  309:44  error  'superhero.biography.aliases' is missing in props validation          react/prop-types
  310:35  error  'superhero.biography' is missing in props validation                  react/prop-types
  310:45  error  'superhero.biography.aliases' is missing in props validation          react/prop-types
  311:28  error  'superhero.biography.aliases.map' is missing in props validation      react/prop-types
  324:34  error  'superhero.biography' is missing in props validation                  react/prop-types
  324:44  error  'superhero.biography.placeOfBirth' is missing in props validation     react/prop-types
  341:34  error  'superhero.biography' is missing in props validation                  react/prop-types
  341:44  error  'superhero.biography.alignment' is missing in props validation        react/prop-types
  346:26  error  'superhero.work' is missing in props validation                       react/prop-types
  360:34  error  'superhero.work' is missing in props validation                       react/prop-types
  360:39  error  'superhero.work.occupation' is missing in props validation            react/prop-types
  372:34  error  'superhero.work' is missing in props validation                       react/prop-types
  372:39  error  'superhero.work.base' is missing in props validation                  react/prop-types

/Users/luisarias/Documents/React/superhero/pages/my-team.js
  11:19  error  'setMyTeam' is assigned a value but never used  no-unused-vars

/Users/luisarias/Documents/React/superhero/pages/search.js
  14:25  error  'setSearchParams' is assigned a value but never used  no-unused-vars

/Users/luisarias/Documents/React/superhero/stories/Header.jsx
  37:33  error  'user.name' is missing in props validation  react/prop-types

/Users/luisarias/Documents/React/superhero/stories/Page.jsx
  38:32  error  `"` can be escaped with `&quot;`, `&ldquo;`, `&#34;`, `&rdquo;`  react/no-unescaped-entities
  38:37  error  `"` can be escaped with `&quot;`, `&ldquo;`, `&#34;`, `&rdquo;`  react/no-unescaped-entities

✖ 126 problems (126 errors, 0 warnings)

